global.c:25:6:setINIT	8	static
global.c:33:6:setRED1	8	static
global.c:38:6:setGREEN1	8	static
global.c:43:6:setYELLOW1	8	static
global.c:48:6:setRED2	8	static
global.c:53:6:setGREEN2	8	static
global.c:58:6:setYELLOW2	8	static
global.c:64:6:seg1_0	8	static
global.c:70:6:seg1_1	8	static
global.c:76:6:seg1_2	8	static
global.c:82:6:seg1_3	8	static
global.c:88:6:seg1_4	8	static
global.c:94:6:seg1_5	8	static
global.c:100:6:seg1_6	8	static
global.c:106:6:seg1_7	8	static
global.c:112:6:seg1_8	8	static
global.c:118:6:seg1_9	8	static
global.c:124:6:seg2_0	8	static
global.c:131:6:seg2_1	8	static
global.c:138:6:seg2_2	8	static
global.c:145:6:seg2_3	8	static
global.c:152:6:seg2_4	8	static
global.c:159:6:seg2_5	8	static
global.c:166:6:seg2_6	8	static
global.c:173:6:seg2_7	8	static
global.c:180:6:seg2_8	8	static
global.c:187:6:seg2_9	8	static
global.c:193:6:seg3_0	8	static
global.c:200:6:seg3_1	8	static
global.c:207:6:seg3_2	8	static
global.c:214:6:seg3_3	8	static
global.c:221:6:seg3_4	8	static
global.c:228:6:seg3_5	8	static
global.c:235:6:seg3_6	8	static
global.c:242:6:seg3_7	8	static
global.c:249:6:seg3_8	8	static
global.c:256:6:seg3_9	8	static
global.c:262:6:seg4_0	8	static
global.c:269:6:seg4_1	8	static
global.c:276:6:seg4_2	8	static
global.c:283:6:seg4_3	8	static
global.c:290:6:seg4_4	8	static
global.c:297:6:seg4_5	8	static
global.c:304:6:seg4_6	8	static
global.c:311:6:seg4_7	8	static
global.c:318:6:seg4_8	8	static
global.c:325:6:seg4_9	8	static
